// Jest Snapshot v1, https://goo.gl/fbAQLP

exports[`should render add todo page correctly 1`] = `
<div>
  <TodoForm
    onFormSubmit={[Function]}
  />
</div>
`;
